2026-09-24 18:28:25 Loaded main app package /snap/obsidian/68/app/resources/obsidian.asar
2026-09-24 18:28:25 Checking for update using Github
2026-09-24 18:28:26 Success.
2026-09-24 18:28:26 Latest version is 1.13.7
2026-09-24 18:28:26 App is up to date.
2026-09-24 19:28:25 Checking for update using Github
2026-09-24 19:28:25 Success.
2026-09-24 19:28:25 Latest version is 1.13.7
2026-09-24 19:28:25 App is up to date.
2026-09-24 20:28:25 Checking for update using Github
2026-09-24 20:28:25 Success.
2026-09-24 20:28:25 Latest version is 1.13.7
2026-09-24 20:28:25 App is up to date.
2026-09-28 20:11:10 Loaded main app package /snap/obsidian/68/app/resources/obsidian.asar
2026-09-28 20:11:12 Checking for update using Github
2026-09-28 20:11:13 Success.
2026-09-28 20:11:13 Latest version is 1.13.7
2026-09-28 20:11:13 App is up to date.
2026-09-28 21:11:10 Checking for update using Github
2026-09-28 21:11:10 Success.
2026-09-28 21:11:10 Latest version is 1.13.7
2026-09-28 21:11:10 App is up to date.
2026-09-28 22:11:10 Checking for update using Github
2026-09-28 22:11:10 Success.
2026-09-28 22:11:10 Latest version is 1.13.7
2026-09-28 22:11:10 App is up to date.
2026-09-28 23:11:10 Checking for update using Github
2026-09-28 23:11:10 Success.
2026-09-28 23:11:10 Latest version is 1.13.7
2026-09-28 23:11:10 App is up to date.
2026-09-29 00:11:10 Checking for update using Github
2026-09-29 00:11:10 Success.
2026-09-29 00:11:10 Latest version is 1.13.7
2026-09-29 00:11:10 App is up to date.
2026-09-29 01:11:10 Checking for update using Github
2026-09-29 01:11:10 Success.
2026-09-29 01:11:10 Latest version is 1.13.7
2026-09-29 01:11:10 App is up to date.
2026-09-29 02:11:10 Checking for update using Github
2026-09-29 02:11:10 Success.
2026-09-29 02:11:10 Latest version is 1.13.7
2026-09-29 02:11:10 App is up to date.
2026-09-29 03:11:10 Checking for update using Github
2026-09-29 03:11:11 Success.
2026-09-29 03:11:11 Latest version is 1.13.7
2026-09-29 03:11:11 App is up to date.
2026-09-29 04:11:10 Checking for update using Github
2026-09-29 04:11:11 Success.
2026-09-29 04:11:11 Latest version is 1.13.7
2026-09-29 04:11:11 App is up to date.
2026-09-29 05:11:10 Checking for update using Github
2026-09-29 05:11:11 Success.
2026-09-29 05:11:11 Latest version is 1.13.7
2026-09-29 05:11:11 App is up to date.
2026-09-29 06:11:11 Checking for update using Github
2026-09-29 06:11:11 Success.
2026-09-29 06:11:11 Latest version is 1.13.7
2026-09-29 06:11:11 App is up to date.
2026-09-29 07:11:11 Checking for update using Github
2026-09-29 07:11:11 Success.
2026-09-29 07:11:11 Latest version is 1.13.7
2026-09-29 07:11:11 App is up to date.
2026-09-29 08:11:11 Checking for update using Github
2026-09-29 08:11:11 Success.
2026-09-29 08:11:11 Latest version is 1.13.7
2026-09-29 08:11:11 App is up to date.
2026-09-29 09:11:11 Checking for update using Github
2026-09-29 09:11:11 Success.
2026-09-29 09:11:11 Latest version is 1.13.7
2026-09-29 09:11:11 App is up to date.
2026-09-29 10:11:11 Checking for update using Github
2026-09-29 10:11:11 Success.
2026-09-29 10:11:11 Latest version is 1.13.7
2026-09-29 10:11:11 App is up to date.
2026-09-29 11:11:11 Checking for update using Github
2026-09-29 11:11:11 Success.
2026-09-29 11:11:11 Latest version is 1.13.7
2026-09-29 11:11:11 App is up to date.
2026-09-29 12:11:11 Checking for update using Github
2026-09-29 12:11:11 Success.
2026-09-29 12:11:11 Latest version is 1.13.7
2026-09-29 12:11:11 App is up to date.
2026-09-29 13:11:11 Checking for update using Github
2026-09-29 13:11:11 Success.
2026-09-29 13:11:11 Latest version is 1.13.7
2026-09-29 13:11:11 App is up to date.
2026-09-29 14:11:11 Checking for update using Github
2026-09-29 14:11:12 Success.
2026-09-29 14:11:12 Latest version is 1.13.7
2026-09-29 14:11:12 App is up to date.
2026-09-29 15:11:11 Checking for update using Github
2026-09-29 15:11:11 Success.
2026-09-29 15:11:11 Latest version is 1.13.7
2026-09-29 15:11:11 App is up to date.
2026-09-29 16:11:11 Checking for update using Github
2026-09-29 16:11:11 Success.
2026-09-29 16:11:11 Latest version is 1.13.7
2026-09-29 16:11:11 App is up to date.
<<<<<<< Updated upstream
2026-10-01 00:17:01 Loaded main app package /snap/obsidian/68/app/resources/obsidian.asar
2026-10-01 00:17:01 Checking for update using Github
2026-10-01 00:17:01 Loaded main app package /snap/obsidian/68/app/resources/obsidian.asar
2026-10-01 00:17:02 Success.
2026-10-01 00:17:02 Latest version is 1.13.7
2026-10-01 00:17:02 App is up to date.
2026-10-01 23:29:22 Loaded main app package /snap/obsidian/68/app/resources/obsidian.asar
2026-10-01 23:29:22 Checking for update using Github
2026-10-01 23:29:23 Success.
2026-10-01 23:29:23 Latest version is 1.13.7
2026-10-01 23:29:23 App is up to date.
=======
2026-09-30 20:45:50 Loaded main app package /snap/obsidian/68/app/resources/obsidian.asar
2026-09-30 20:45:51 Checking for update using Github
2026-09-30 20:45:52 Success.
2026-09-30 20:45:52 Latest version is 1.13.7
2026-09-30 20:45:52 App is up to date.
2026-09-30 21:45:50 Checking for update using Github
2026-09-30 21:45:50 Success.
2026-09-30 21:45:50 Latest version is 1.13.7
2026-09-30 21:45:50 App is up to date.
2026-09-30 22:45:50 Checking for update using Github
2026-09-30 22:45:50 Success.
2026-09-30 22:45:50 Latest version is 1.13.7
2026-09-30 22:45:50 App is up to date.
2026-09-30 23:45:50 Checking for update using Github
2026-09-30 23:45:50 Success.
2026-09-30 23:45:50 Latest version is 1.13.7
2026-09-30 23:45:50 App is up to date.
2026-10-01 00:45:50 Checking for update using Github
2026-10-01 00:45:50 Success.
2026-10-01 00:45:50 Latest version is 1.13.7
2026-10-01 00:45:50 App is up to date.
2026-10-01 01:45:50 Checking for update using Github
2026-10-01 01:45:50 Success.
2026-10-01 01:45:50 Latest version is 1.13.7
2026-10-01 01:45:50 App is up to date.
2026-10-01 02:45:50 Checking for update using Github
2026-10-01 02:45:50 Success.
2026-10-01 02:45:50 Latest version is 1.13.7
2026-10-01 02:45:50 App is up to date.
2026-10-01 03:45:50 Checking for update using Github
2026-10-01 03:45:50 Success.
2026-10-01 03:45:50 Latest version is 1.13.7
2026-10-01 03:45:50 App is up to date.
2026-10-01 04:45:50 Checking for update using Github
2026-10-01 04:45:50 Success.
2026-10-01 04:45:50 Latest version is 1.13.7
2026-10-01 04:45:50 App is up to date.
2026-10-01 05:45:50 Checking for update using Github
2026-10-01 05:45:50 Success.
2026-10-01 05:45:50 Latest version is 1.13.7
2026-10-01 05:45:50 App is up to date.
2026-10-01 06:45:50 Checking for update using Github
2026-10-01 06:45:51 Success.
2026-10-01 06:45:51 Latest version is 1.13.7
2026-10-01 06:45:51 App is up to date.
2026-10-01 07:45:51 Checking for update using Github
2026-10-01 07:45:51 Success.
2026-10-01 07:45:51 Latest version is 1.13.7
2026-10-01 07:45:51 App is up to date.
2026-10-01 08:45:51 Checking for update using Github
2026-10-01 08:45:51 Success.
2026-10-01 08:45:51 Latest version is 1.13.7
2026-10-01 08:45:51 App is up to date.
2026-10-01 09:45:51 Checking for update using Github
2026-10-01 09:45:51 Success.
2026-10-01 09:45:51 Latest version is 1.13.7
2026-10-01 09:45:51 App is up to date.
2026-10-01 10:45:51 Checking for update using Github
2026-10-01 10:45:51 Success.
2026-10-01 10:45:51 Latest version is 1.13.7
2026-10-01 10:45:51 App is up to date.
2026-10-01 11:45:51 Checking for update using Github
2026-10-01 11:45:51 Success.
2026-10-01 11:45:51 Latest version is 1.13.7
2026-10-01 11:45:51 App is up to date.
2026-10-01 12:45:51 Checking for update using Github
2026-10-01 12:45:51 Success.
2026-10-01 12:45:51 Latest version is 1.13.7
2026-10-01 12:45:51 App is up to date.
2026-10-01 13:45:51 Checking for update using Github
2026-10-01 13:45:51 Success.
2026-10-01 13:45:51 Latest version is 1.13.7
2026-10-01 13:45:51 App is up to date.
2026-10-01 14:45:51 Checking for update using Github
2026-10-01 14:45:51 Success.
2026-10-01 14:45:51 Latest version is 1.13.7
2026-10-01 14:45:51 App is up to date.
2026-10-01 15:45:51 Checking for update using Github
2026-10-01 15:45:51 Success.
2026-10-01 15:45:51 Latest version is 1.13.7
2026-10-01 15:45:51 App is up to date.
2026-10-01 16:45:51 Checking for update using Github
2026-10-01 16:45:51 Success.
2026-10-01 16:45:51 Latest version is 1.13.7
2026-10-01 16:45:51 App is up to date.
2026-10-01 17:45:51 Checking for update using Github
2026-10-01 17:45:51 Success.
2026-10-01 17:45:51 Latest version is 1.13.7
2026-10-01 17:45:51 App is up to date.
2026-10-01 18:45:51 Checking for update using Github
2026-10-01 18:45:52 Success.
2026-10-01 18:45:52 Latest version is 1.13.7
2026-10-01 18:45:52 App is up to date.
2026-10-01 19:45:51 Checking for update using Github
2026-10-01 19:45:51 Success.
2026-10-01 19:45:51 Latest version is 1.13.7
2026-10-01 19:45:51 App is up to date.
2026-10-01 20:45:51 Checking for update using Github
2026-10-01 20:45:52 Success.
2026-10-01 20:45:52 Latest version is 1.13.7
2026-10-01 20:45:52 App is up to date.
2026-10-01 21:45:51 Checking for update using Github
2026-10-01 21:45:52 Success.
2026-10-01 21:45:52 Latest version is 1.13.7
2026-10-01 21:45:52 App is up to date.
2026-10-01 22:45:51 Checking for update using Github
2026-10-01 22:45:52 Success.
2026-10-01 22:45:52 Latest version is 1.13.7
2026-10-01 22:45:52 App is up to date.
2026-10-01 23:45:52 Checking for update using Github
2026-10-01 23:45:52 Success.
2026-10-01 23:45:52 Latest version is 1.13.7
2026-10-01 23:45:52 App is up to date.
2026-10-02 00:45:52 Checking for update using Github
2026-10-02 00:45:52 Success.
2026-10-02 00:45:52 Latest version is 1.13.7
2026-10-02 00:45:52 App is up to date.
2026-10-02 01:45:52 Checking for update using Github
2026-10-02 01:45:52 Success.
2026-10-02 01:45:52 Latest version is 1.13.7
2026-10-02 01:45:52 App is up to date.
2026-10-02 02:45:52 Checking for update using Github
2026-10-02 02:45:52 Success.
2026-10-02 02:45:52 Latest version is 1.13.7
2026-10-02 02:45:52 App is up to date.
2026-10-02 03:45:52 Checking for update using Github
2026-10-02 03:45:52 Success.
2026-10-02 03:45:52 Latest version is 1.13.7
2026-10-02 03:45:52 App is up to date.
2026-10-02 04:45:52 Checking for update using Github
2026-10-02 04:45:52 Success.
2026-10-02 04:45:52 Latest version is 1.13.7
2026-10-02 04:45:52 App is up to date.
2026-10-02 05:45:52 Checking for update using Github
2026-10-02 05:45:52 Success.
2026-10-02 05:45:52 Latest version is 1.13.7
2026-10-02 05:45:52 App is up to date.
2026-10-02 06:45:52 Checking for update using Github
2026-10-02 06:45:52 Success.
2026-10-02 06:45:52 Latest version is 1.13.7
2026-10-02 06:45:52 App is up to date.
2026-10-02 07:45:52 Checking for update using Github
2026-10-02 07:45:52 Success.
2026-10-02 07:45:52 Latest version is 1.13.7
2026-10-02 07:45:52 App is up to date.
2026-10-02 08:45:52 Checking for update using Github
2026-10-02 08:45:53 Success.
2026-10-02 08:45:53 Latest version is 1.13.7
2026-10-02 08:45:53 App is up to date.
2026-10-02 09:45:52 Checking for update using Github
2026-10-02 09:45:53 Success.
2026-10-02 09:45:53 Latest version is 1.13.7
2026-10-02 09:45:53 App is up to date.
2026-10-02 10:45:52 Checking for update using Github
2026-10-02 10:45:53 Success.
2026-10-02 10:45:53 Latest version is 1.13.7
2026-10-02 10:45:53 App is up to date.
2026-10-02 11:45:53 Checking for update using Github
2026-10-02 11:45:53 Success.
2026-10-02 11:45:53 Latest version is 1.13.7
2026-10-02 11:45:53 App is up to date.
2026-10-02 12:45:53 Checking for update using Github
2026-10-02 12:45:53 Success.
2026-10-02 12:45:53 Latest version is 1.13.7
2026-10-02 12:45:53 App is up to date.
2026-10-02 13:45:53 Checking for update using Github
2026-10-02 13:45:53 Success.
2026-10-02 13:45:53 Latest version is 1.13.7
2026-10-02 13:45:53 App is up to date.
2026-10-02 14:45:53 Checking for update using Github
2026-10-02 14:45:53 Success.
2026-10-02 14:45:53 Latest version is 1.13.7
2026-10-02 14:45:53 App is up to date.
2026-10-02 15:45:53 Checking for update using Github
2026-10-02 15:45:53 Success.
2026-10-02 15:45:53 Latest version is 1.13.7
2026-10-02 15:45:53 App is up to date.
2026-10-02 16:45:53 Checking for update using Github
2026-10-02 16:45:53 Success.
2026-10-02 16:45:53 Latest version is 1.13.7
2026-10-02 16:45:53 App is up to date.
2026-10-02 17:45:53 Checking for update using Github
2026-10-02 17:45:53 Success.
2026-10-02 17:45:53 Latest version is 1.13.7
2026-10-02 17:45:53 App is up to date.
2026-10-02 18:45:53 Checking for update using Github
2026-10-02 18:45:53 Success.
2026-10-02 18:45:53 Latest version is 1.13.7
2026-10-02 18:45:53 App is up to date.
2026-10-02 19:07:55 Loaded main app package /snap/obsidian/68/app/resources/obsidian.asar
2026-10-02 19:07:55 Checking for update using Github
2026-10-02 19:07:56 Success.
2026-10-02 19:07:56 Latest version is 1.13.7
2026-10-02 19:07:56 App is up to date.
2026-10-02 19:09:11 Loaded main app package /snap/obsidian/68/app/resources/obsidian.asar
2026-10-02 19:09:11 Checking for update using Github
2026-10-02 19:09:11 Success.
2026-10-02 19:09:11 Latest version is 1.13.7
2026-10-02 19:09:11 App is up to date.
2026-10-02 19:10:06 Loaded main app package /snap/obsidian/68/app/resources/obsidian.asar
2026-10-02 19:10:06 Checking for update using Github
2026-10-02 19:10:06 Success.
2026-10-02 19:10:06 Latest version is 1.13.7
2026-10-02 19:10:06 App is up to date.
2026-10-02 19:10:59 Loaded main app package /snap/obsidian/68/app/resources/obsidian.asar
2026-10-02 19:11:00 Checking for update using Github
2026-10-02 19:11:00 Success.
2026-10-02 19:11:00 Latest version is 1.13.7
2026-10-02 19:11:00 App is up to date.
2026-10-02 19:12:05 Loaded main app package /snap/obsidian/68/app/resources/obsidian.asar
2026-10-02 19:12:05 Checking for update using Github
2026-10-02 19:12:05 Success.
2026-10-02 19:12:05 Latest version is 1.13.7
2026-10-02 19:12:05 App is up to date.
2026-10-02 20:12:05 Checking for update using Github
2026-10-02 20:12:05 Success.
2026-10-02 20:12:05 Latest version is 1.13.7
2026-10-02 20:12:05 App is up to date.
>>>>>>> Stashed changes
